<html>
<body>
<pre>
<h1>µVision Build Log</h1>
<h2>Tool Versions:</h2>
IDE-Version: µVision V5.36.0.0
Copyright (C) 2021 ARM Ltd and ARM Germany GmbH. All rights reserved.
License Information: Fabiano Vaglio Politecnico di Torino Flex license: MDK Professional 5.36 (Flex) (mdk_pro) Operation stops: 10 Mar 2024
 
Tool Versions:
Toolchain:       MDK Professional 5.36 (Flex)  Version: 5.36.0.0
Toolchain Path:  C:\Keil_v5\ARM\ARMCC\Bin
C Compiler:      Armcc.exe V5.06 update 7 (build 960)
Assembler:       Armasm.exe V5.06 update 7 (build 960)
Linker/Locator:  ArmLink.exe V5.06 update 7 (build 960)
Library Manager: ArmAr.exe V5.06 update 7 (build 960)
Hex Converter:   FromElf.exe V5.06 update 7 (build 960)
CPU DLL:         SARMCM3.DLL V5.36.0.0
Dialog DLL:      DARMP1.DLL V1.27.0.0
Target DLL:      UL2CM3.DLL V1.164.0.0
Dialog DLL:      TARMP1.DLL V1.26.0.0
 
<h2>Project:</h2>
C:\Users\Fabiano Vaglio\Desktop\Politecnico\I° Anno\I° semestre\Architetture dei sistemi di elaborazione\Extra_point\extrapoint1\Quoridor extrapoint1\sample.uvprojx
Project File Date:  01/03/2024

<h2>Output:</h2>
*** Using Compiler 'V5.06 update 7 (build 960)', folder: 'C:\Keil_v5\ARM\ARMCC\Bin'
Rebuild target 'Target 1'
Note: source file '.\joystick\funct_joystick.c' - object file renamed from '.\funct_joystick.o' to '.\funct_joystick_1.o'.
assembling startup_LPC17xx.s...
compiling AsciiLib.c...
compiling IRQ_timer.c...
timer\../joystick/joystick.h(18): warning:  #1295-D: Deprecated declaration check_Trap - give arg types
  int check_Trap();
timer\IRQ_timer.c: 1 warning, 0 errors
compiling system_LPC17xx.c...
compiling lib_timer.c...
compiling sample.c...
joystick/joystick.h(18): warning:  #1295-D: Deprecated declaration check_Trap - give arg types
  int check_Trap();
sample.c: 1 warning, 0 errors
compiling core_cm3.c...
compiling lib_button.c...
compiling IRQ_button.c...
button_EXINT\../joystick/joystick.h(18): warning:  #1295-D: Deprecated declaration check_Trap - give arg types
  int check_Trap();
button_EXINT\IRQ_button.c: 1 warning, 0 errors
compiling TouchPanel.c...
compiling lib_joystick.c...
joystick\joystick.h(18): warning:  #1295-D: Deprecated declaration check_Trap - give arg types
  int check_Trap();
joystick\lib_joystick.c: 1 warning, 0 errors
compiling funct_joystick.c...
joystick\joystick.h(18): warning:  #1295-D: Deprecated declaration check_Trap - give arg types
  int check_Trap();
joystick\funct_joystick.c(93): warning:  #1295-D: Deprecated declaration ControlloMossaMuroDown - give arg types
  int ControlloMossaMuroDown();
joystick\funct_joystick.c(94): warning:  #1295-D: Deprecated declaration ControlloMossaMuroLeft - give arg types
  int ControlloMossaMuroLeft();
joystick\funct_joystick.c(95): warning:  #1295-D: Deprecated declaration ControlloMossaMuroRight - give arg types
  int ControlloMossaMuroRight();
joystick\funct_joystick.c(96): warning:  #1295-D: Deprecated declaration ControlloMossaMuroUp - give arg types
  int ControlloMossaMuroUp();
joystick\funct_joystick.c(131): warning:  #223-D: function "ControlloMuro" declared implicitly
  		if(ControlloMuro(MuroDaConfermare) == 1){
joystick\funct_joystick.c(163): warning:  #223-D: function "ControlloMuro" declared implicitly
  			if(ControlloMuro(Muro) == 1){
joystick\funct_joystick.c(195): warning:  #223-D: function "ControlloMuro" declared implicitly
  		if(ControlloMuro(MuroDaConfermare) == 1){
joystick\funct_joystick.c(224): warning:  #223-D: function "ControlloMuro" declared implicitly
  			if(ControlloMuro(Muro) == 1){
joystick\funct_joystick.c(256): warning:  #223-D: function "ControlloMuro" declared implicitly
  		if(ControlloMuro(MuroDaConfermare) == 1){
joystick\funct_joystick.c(285): warning:  #223-D: function "ControlloMuro" declared implicitly
  			if(ControlloMuro(Muro) == 1){
joystick\funct_joystick.c(317): warning:  #223-D: function "ControlloMuro" declared implicitly
  		if(ControlloMuro(MuroDaConfermare) == 1){
joystick\funct_joystick.c(346): warning:  #223-D: function "ControlloMuro" declared implicitly
  			if(ControlloMuro(Muro) == 1){
joystick\funct_joystick.c(508): warning:  #186-D: pointless comparison of unsigned integer with zero
      if(coord.x<=6 && coord.x>=0 && coord.y<=6 && coord.y>=0){
joystick\funct_joystick.c(508): warning:  #186-D: pointless comparison of unsigned integer with zero
      if(coord.x<=6 && coord.x>=0 && coord.y<=6 && coord.y>=0){
joystick\funct_joystick.c(592): warning:  #186-D: pointless comparison of unsigned integer with zero
  	if(coordM.x>5 || coordM.x<0 || coordM.y>5 || coordM.y<0){//controllo sul perimetro
joystick\funct_joystick.c(592): warning:  #186-D: pointless comparison of unsigned integer with zero
  	if(coordM.x>5 || coordM.x<0 || coordM.y>5 || coordM.y<0){//controllo sul perimetro
joystick\funct_joystick.c: 17 warnings, 0 errors
compiling HzLib.c...
compiling IRQ_RIT.c...
RIT\../joystick/joystick.h(18): warning:  #1295-D: Deprecated declaration check_Trap - give arg types
  int check_Trap();
RIT\IRQ_RIT.c(56): warning:  #223-D: function "ConsiglioMossa" declared implicitly
  						ConsiglioMossa(Inizio);
RIT\IRQ_RIT.c(100): warning:  #9-D: nested comment is not allowed
  							NVIC_EnableIRQ(EINT2_IRQn);							 /* enable Button interrupts			
RIT\IRQ_RIT.c(101): warning:  #9-D: nested comment is not allowed
  							LPC_PINCON->PINSEL4    |= (1 << 24);     /* External interrupt 0 pin selection
RIT\IRQ_RIT.c(105): warning:  #9-D: nested comment is not allowed
  						NVIC_EnableIRQ(EINT1_IRQn); 						/* enable Button interrupts		
RIT\IRQ_RIT.c(146): warning:  #9-D: nested comment is not allowed
  						NVIC_EnableIRQ(EINT2_IRQn);							 /* enable Button interrupts		
RIT\IRQ_RIT.c(147): warning:  #9-D: nested comment is not allowed
  						LPC_PINCON->PINSEL4    |= (1 << 24);     /* External interrupt 0 pin selection
RIT\IRQ_RIT.c(148): warning:  #9-D: nested comment is not allowed
  						NVIC_EnableIRQ(EINT1_IRQn); 						/* enable Button interrupts		
RIT\IRQ_RIT.c(149): warning:  #9-D: nested comment is not allowed
  						LPC_PINCON->PINSEL4    |= (1 << 22);    /* External interrupt 0 pin selection 
RIT\IRQ_RIT.c: 9 warnings, 0 errors
compiling lib_RIT.c...
compiling GLCD.c...
GLCD\GLCD.c(798): warning:  #223-D: function "sprintf" declared implicitly
  		sprintf((char*)text, "%d", number);
GLCD\GLCD.c(833): warning:  #223-D: function "sprintf" declared implicitly
  	sprintf((char*)text, "%d  ", time);
GLCD\GLCD.c(838): warning:  #223-D: function "sprintf" declared implicitly
  		sprintf((char*)text, "The PLayer %d", player);
GLCD\GLCD.c: 3 warnings, 0 errors
linking...
Program Size: Code=31450 RO-data=1786 RW-data=156 ZI-data=3004  
".\sample.axf" - 0 Error(s), 33 Warning(s).

<h2>Software Packages used:</h2>

Package Vendor: ARM
                http://www.keil.com/pack/ARM.CMSIS.5.8.0.pack
                ARM.CMSIS.5.8.0
                CMSIS (Common Microcontroller Software Interface Standard)
   * Component: CORE Version: 5.5.0

Package Vendor: Keil
                http://www.keil.com/pack/Keil.LPC1700_DFP.2.7.1.pack
                Keil.LPC1700_DFP.2.7.1
                NXP LPC1700 Series Device Support, Drivers and Examples for MCB1700 and LPC1788-32

<h2>Collection of Component include folders:</h2>
  .\RTE\_Target_1
  C:\Users\Fabiano Vaglio\AppData\Local\Arm\Packs\ARM\CMSIS\5.8.0\CMSIS\Core\Include
  C:\Users\Fabiano Vaglio\AppData\Local\Arm\Packs\Keil\LPC1700_DFP\2.7.1\Device\Include

<h2>Collection of Component Files used:</h2>

   * Component: ARM::CMSIS:CORE:5.5.0
Build Time Elapsed:  00:00:09
</pre>
</body>
</html>
